# Desafio de Projeto Git/GitHub Dio
Repositório criado para o desafio de projeto

### Links Úteis
[Sintaxe Básica Markdown](https://www.markdownguide.org/getting-started/)

:::::::::::::::::::::::::::::::::::::::::::::::::::::::::::::::::::::::

$ git status -> VERIFICA
$ git add . -> ADD
$ git commit -m "Inclusão das Anotações do Curso Git/GitHub" -> COMENTA
$ git push origin main -> CARREGA OS NOVOS DADOS.

Fábio Cruz@DESKTOP-98VM6G7 MINGW64 /c/Workspace/DIO/dio-desafio-github-primeiro-repositorio (main)
$ git status -> VERIFICA
On branch main
Your branch is up to date with 'origin/main'.

Changes not staged for commit:
  (use "git add/rm <file>..." to update what will be committed)
  (use "git restore <file>..." to discard changes in working directory)
        deleted:    "Introdu\303\247\303\243o ao Git_GitHub - Copia/Anota\303\247\303\265es.txt"

no changes added to commit (use "git add" and/or "git commit -a")

Fábio Cruz@DESKTOP-98VM6G7 MINGW64 /c/Workspace/DIO/dio-desafio-github-primeiro-repositorio (main)
$ git add . -> ADD

Fábio Cruz@DESKTOP-98VM6G7 MINGW64 /c/Workspace/DIO/dio-desafio-github-primeiro-repositorio (main)
$ git status
On branch main
Your branch is up to date with 'origin/main'.

Changes to be committed:
  (use "git restore --staged <file>..." to unstage)
        deleted:    "Introdu\303\247\303\243o ao Git_GitHub - Copia/Anota\303\247\303\265es.txt"


Fábio Cruz@DESKTOP-98VM6G7 MINGW64 /c/Workspace/DIO/dio-desafio-github-primeiro-repositorio (main)
$ git commit -m "Inclusão das Anotações do Curso Git/GitHub" -> COMENTA
[main f92c1cf] Inclusão das Anotações do Curso Git/GitHub
 1 file changed, 2 deletions(-)
 delete mode 100644 "Introdu\303\247\303\243o ao Git_GitHub - Copia/Anota\303\247\303\265es.txt"

Fábio Cruz@DESKTOP-98VM6G7 MINGW64 /c/Workspace/DIO/dio-desafio-github-primeiro-repositorio (main)
$ git status
On branch main
Your branch is ahead of 'origin/main' by 1 commit.
  (use "git push" to publish your local commits)

nothing to commit, working tree clean

Fábio Cruz@DESKTOP-98VM6G7 MINGW64 /c/Workspace/DIO/dio-desafio-github-primeiro-repositorio (main)
$ git push origin main -> CARREGA OS NOVOS DADOS.
Enumerating objects: 3, done.
Counting objects: 100% (3/3), done.
Delta compression using up to 4 threads
Compressing objects: 100% (2/2), done.
Writing objects: 100% (2/2), 256 bytes | 256.00 KiB/s, done.
Total 2 (delta 1), reused 0 (delta 0), pack-reused 0
remote: Resolving deltas: 100% (1/1), completed with 1 local object.
To https://github.com/fcruz1979/dio-desafio-github-primeiro-repositorio.git
   c174d86..f92c1cf  main -> main

Fábio Cruz@DESKTOP-98VM6G7 MINGW64 /c/Workspace/DIO/dio-desafio-github-primeiro-repositorio (main)
$ ^C

Fábio Cruz@DESKTOP-98VM6G7 MINGW64 /c/Workspace/DIO/dio-desafio-github-primeiro-repositorio (main)
$
